C251 COMPILER V5.60.0,  my_peripheral                                                      10/06/25  05:13:48  PAGE 1   


C251 COMPILER V5.60.0, COMPILATION OF MODULE my_peripheral
OBJECT MODULE PLACED IN .\Out_File\my_peripheral.obj
COMPILER INVOKED BY: F:\keil5\C251\BIN\C251.EXE my_peripheral.c LARGE INTR2 WARNINGLEVEL(3) OPTIMIZE(0,SPEED) BROWSE INC
                    -DIR(..\..\Libraries\libraries;..\..\Libraries\seekfree_libraries;..\..\Libraries\seekfree_peripheral;..\CODE;..\USER\inc
                    -;..\USER\src;..\..\Libraries\seekfree_components) DEBUG PRINT(.\Out_File\my_peripheral.lst) OBJECT(.\Out_File\my_periphe
                    -ral.obj) 

stmt  level    source

    1          #include "my_peripheral.h"
    2          #include "my_motor.h"
    3          
    4          float Gyro_offset_z;
    5          extern uint32 timer_cnt;
    6          extern uint8 timing_started;
    7          
    8          #define GYRO_OFFSET 0.412046
    9          
   10          #define THRESHOLD_JUMP 500 // tof滤波越变值
   11          // 存储替换量
   12          float kp_direction_iap = 5;
   13          float kd_direction_iap = 11;
   14          float kp_direction_2_iap = 5;
   15          float kd_direction_2_iap = 11;
   16          float kp_direction_3_iap = 5;
   17          float kd_direction_3_iap = 11;
   18          float normal_speed_iap = 140;
   19          float block_speed_iap = 100;
   20          float hightv_huandao_iap = 170;
   21          float lowv_huandao_iap = 75;
   22          float max_speed_iap = 230;
   23          float block_judge_iap = 600;
   24          float block_out_encode_iap = 150;
   25          float block_back_encode_iap = 250;
   26          float block_out_angle_iap = 35;
   27          float block_back_angle_iap = 20;
   28          // 拨码开关状态变量
   29          uint8 sw1_status;
   30          uint8 sw2_status;
   31          uint8 sw3_status;
   32          uint8 sw4_status;
   33          // 开关状态变量
   34          uint8 key1_status = 1;
   35          uint8 key2_status = 1;
   36          uint8 key3_status = 1;
   37          uint8 key4_status = 1;
   38          // 上一次开关状态变量
   39          uint8 key1_last_status;
   40          uint8 key2_last_status;
   41          uint8 key3_last_status;
   42          uint8 key4_last_status;
   43          // 开关标志位
   44          uint8 key1_flag;
   45          uint8 key2_flag;
   46          uint8 key3_flag;
   47          uint8 key4_flag;
   48          
   49          uint16 tof[2] = {0};    // tof的变量定义
   50          uint8 count_tof = 0;    // 设置tof周期
   51          uint8 count_flag_4 = 0; // tof判断次数
   52          float yaw = 0;
   53          ui_struct ui = {&ui_display, 1, 0, 0};
   54          
   55          //void block_judgement()
   56          //{
C251 COMPILER V5.60.0,  my_peripheral                                                      10/06/25  05:13:48  PAGE 2   

   57          //    // 获取5个TOF传感器值
   58          //    int adtemp;
   59          //    float adtemp2;    // 记录减速前速度
   60          //    int i, j, k;      // 冒泡用jk
   61          //    int tof_value[5]; // 用于存储5个TOF传感器值
   62          
   63          //    for (i = 0; i < 5; i++)
   64          //    {
   65          //        tof_value[i] = adc_once(ADC_P16, ADC_12BIT); // TOF
   66          //    }
   67          
   68          //    // 对5个TOF传感器值进行冒泡排序
   69          //    for (j = 0; j < 4; j++)
   70          //    {
   71          //        for (k = 0; k < 4 - j; k++)
   72          //        {
   73          //            if (tof_value[k] > tof_value[k + 1])
   74          //            {
   75          //                adtemp = tof_value[k];
   76          //                tof_value[k] = tof_value[k + 1];
   77          //                tof_value[k + 1] = adtemp;
   78          //            }
   79          //        }
   80          //    }
   81          
   82          //    // 更新TOF值数组
   83          //    tof[1] = tof[0];
   84          //    tof[0] = (tof_value[1] + tof_value[2] + tof_value[3]) / 3;
   85          
   86          //    // 判断障碍
   87          //    if (tof[0] > 300)
   88          //    {
   89          //        adtemp2 = test_speed;
   90          //        test_speed = block_speed;
   91          //        if ((tof[0] > block_judge) && (flag == 0) &&
   92          //            (tof[1] > (block_judge - 200)) &&
   93          //            (abs(tof[0] - tof[1]) < THRESHOLD_JUMP) &&
   94          //            ((tof[0] - tof[1]) > 50))
   95          //        {
   96          //            encoder_clear();
   97          //            yaw = 0;
   98          //            BEEP = 1;
   99          //            if (P77 == 0)
  100          //            {
  101          //                flag = 4;
  102          //                count_flag_4 += 1;
  103          //                if (count_flag_4 == 2)
  104          //                {
  105          //                    flag = 5;
  106          //                }
  107          //            }
  108          //            else
  109          //            {
  110          //                flag = 5;
  111          //                count_flag_4 += 1;
  112          //                if (count_flag_4 == 2)
  113          //                {
  114          //                    flag = 4;
  115          //                }
  116          //            }
  117          //        }
  118          //    }
  119          //    else if (tof[0] < 300)
  120          //        test_speed = adtemp2;
  121          //}
  122          
C251 COMPILER V5.60.0,  my_peripheral                                                      10/06/25  05:13:48  PAGE 3   

  123          void DataInit() // eeprom初始化数据
  124          {
  125   1          iap_init(); // eeprom初始化
  126   1      //      iap_erase_page(0xff) ;
  127   1      //      extern_iap_write_float(kp_direction, 3, 1, 0x07);   // kp_direction
  128   1      //    extern_iap_write_float(kd_direction, 3, 1, 0x10);  // kd_direction
  129   1      //      extern_iap_write_float(kp_direction_2, 3, 1, 0x90);
  130   1      //      extern_iap_write_float(kd_direction_2, 3, 1, 0xa0);
  131   1      //      extern_iap_write_float(kp_direction_3, 3, 1, 0xa6);
  132   1      //      extern_iap_write_float(kd_direction_3, 3, 1, 0xb0);
  133   1      //  extern_iap_write_float(block_speed, 3, 1, 0x17); // block_speed
  134   1      //  extern_iap_write_float(huandao_hight_speed [0], 3, 1, 0x20); // hightv_huandao
  135   1      //  extern_iap_write_float(huandao_low_speed [0], 3, 1, 0x27);  // lowv_huandao
  136   1      //  extern_iap_write_float(max_speed, 3, 1, 0x30); // max_speed
  137   1      //   extern_iap_write_float(block_judge, 3, 1, 0x50); // block_judge
  138   1      //    extern_iap_write_float(block_out_encode, 3, 1, 0x56); // block_out_encode
  139   1      //    extern_iap_write_float(block_back_encode, 3, 1, 0x80); // block_back_encode
  140   1      //    extern_iap_write_float(normal_speed, 3, 1, 0x65); // normal_speed
  141   1      //        extern_iap_write_float(block_out_angle, 3, 1, 0xd0);
  142   1      //        extern_iap_write_float(block_back_angle, 3, 1, 0xd7);
  143   1          
  144   1      
  145   1          kp_direction = iap_read_float(7, 0x07);
  146   1          kd_direction = iap_read_float(7, 0x10);
  147   1          kp_direction_2 = iap_read_float(7, 0x90);
  148   1          kd_direction_2 = iap_read_float(7, 0xa0);
  149   1          kp_direction_3 = iap_read_float(7, 0xa6);
  150   1          kd_direction_3 = iap_read_float(7, 0xb0);
  151   1          block_speed = iap_read_float(7, 0x17);
  152   1              
  153   1              huandao_hight_speed [0]= iap_read_float(7, 0x20);
  154   1              huandao_low_speed [0]= iap_read_float(7, 0x27);
  155   1      // hightv_huandao = iap_read_float(7, 0x20);
  156   1      //lowv_huandao = iap_read_float(7, 0x27);
  157   1          max_speed = iap_read_float(7, 0x30);
  158   1          block_judge = iap_read_float(7, 0x50);
  159   1          block_out_encode = iap_read_float(7, 0x56);
  160   1          block_back_encode = iap_read_float(7, 0x80);
  161   1          normal_speed = iap_read_float(7, 0x65);
  162   1          block_out_angle = iap_read_float(7, 0xd0);
  163   1          block_back_angle = iap_read_float(7, 0xd7);
  164   1      
  165   1          // test_speed = 40; // 速度设定
  166   1      }
  167          
  168          // gpio引脚默认上拉
  169          
  170          //****************************************
  171          //  函数简介      ui界面page的标题栏数组
  172          //  参数说明      无
  173          //  参数说明      无
  174          //  返回参数      无
  175          //  使用示例
  176          //****************************************
  177          unsigned char xdata ui_page0[8][30] =
  178              {
  179                  "  <INCREDIBLE_KING>   <page0>",
  180                  "  direction_loop",
  181                  "  speed_change",
  182                  "  tof_change",
  183                  "",
  184                  "",
  185                  "",
  186                  "  <LOAD_IN_DATA>"};
  187          
  188          unsigned char xdata ui_page1[8][30] =
C251 COMPILER V5.60.0,  my_peripheral                                                      10/06/25  05:13:48  PAGE 4   

  189              {
  190                  "  <dir_loop>          <page1>",
  191                  "  kp_direction",
  192                  "  kd_direction",
  193                  "  kp_direction_2",
  194                  "  kd_direction_2",
  195                  "  kp_direction_3",
  196                  "  kd_direction_3",
  197                  "  <EXIT>---------------------"};
  198          
  199          unsigned char xdata ui_page2[8][30] =
  200              {
  201                  "  <speed_change>      <page2>",
  202                  "  normal_speed",
  203                  "  block_speed",
  204                  "hightV_huandao_0",
  205                  "lowV_huandao_0",
  206                  "  max_speed",
  207                  "",
  208                  "  <EXIT>---------------------"};
  209          
  210          unsigned char xdata ui_page3[8][30] =
  211              {
  212                  "  <tof_change>        <page3>",
  213                  "  block_judge",
  214                  "  block_out_encode",
  215                  "  block_back_encode",
  216                  "  block_out_angle",
  217                  "  block_back_angle",
  218                  "",
  219                  "  <EXIT>---------------------"};
  220          
  221          unsigned char xdata ui_page4[8][30] =
  222              {
  223                  "  <LOAD_IN_DATA>      <page4>",
  224                  "   ****   ****  *    * *****",
  225                  "   *   * *    * **   * *",
  226                  "   *   * *    * * *  * *****",
  227                  "   *   * *    * *  * * *",
  228                  "   *   * *    * *   ** *",
  229                  "   ****   ****  *    * *****",
  230                  "  <EXIT>---------------------"};
  231          //****************************************
  232          //  函数简介      ui界面显示光标箭头和页面内容
  233          //  参数说明      string[8][17]
  234          //  参数说明      无
  235          //  返回参数      无
  236          //  使用示例
  237          //****************************************
  238          void UI_DispUIStrings(uint8 strings[8][30])
  239          {
  240   1          uint8 i;
  241   1          for (i = 0; i < 8; i++)
  242   1          {
  243   2              // 箭头出现在ui.cursor行
  244   2              if (i == ui.cursor)
  245   2              {
  246   3                  strings[i][0] = '=';
  247   3                  strings[i][1] = '>';
  248   3              }
  249   2              // 其余行是空格
  250   2              else if (i != 0)
  251   2                  strings[i][0] = strings[i][1] = ' ';
  252   2              // 将8*30的数组逐行显示
  253   2              ips114_showstr(0, i, strings[i]);
  254   2          }
C251 COMPILER V5.60.0,  my_peripheral                                                      10/06/25  05:13:48  PAGE 5   

  255   1      }
  256          //****************************************
  257          //  函数简介      ui界面运行函数
  258          //  参数说明      void
  259          //  参数说明      无
  260          //  返回参数      无
  261          //  使用示例      ui_display();
  262          //****************************************
  263          void ui_display(void)
  264          {
  265   1          switch (ui.page) // 对page进行选择
  266   1          {
  267   2          case 0:
  268   2              if (ui.last == ui.page)
  269   2              {
  270   3                  UI_DispUIStrings(ui_page0);
  271   3              }
  272   2              else if (ui.last != ui.page)
  273   2              {
  274   3                  ui.cursor = 1; // 箭头回到page0的首行
  275   3                  ui.last = ui.page;
  276   3                  ips114_clear(BLACK);
  277   3                  UI_DispUIStrings(ui_page0);
  278   3              }
  279   2              break;
  280   2      
  281   2          case 1:
  282   2              if (ui.last == ui.page)
  283   2              {
  284   3                  UI_DispUIStrings(ui_page1);
  285   3      
  286   3                  //
  287   3                  ips114_showfloat(150, 1, kp_direction, 2, 2);
  288   3                  ips114_showfloat(150, 2, kd_direction, 2, 2);
  289   3                  ips114_showfloat(150, 3, kp_direction_2, 2, 2);
  290   3                  ips114_showfloat(150, 4, kd_direction_2, 2, 2);
  291   3                  ips114_showfloat(150, 5, kp_direction_3, 2, 2);
  292   3                  ips114_showfloat(150, 6, kd_direction_3, 2, 2);
  293   3                  //
  294   3              }
  295   2              else if (ui.last != ui.page)
  296   2              {
  297   3                  ui.cursor = 1; // 箭头回到page1的首行
  298   3                  ui.last = ui.page;
  299   3                  ips114_clear(BLACK);
  300   3                  UI_DispUIStrings(ui_page1);
  301   3      
  302   3                  //
  303   3                  ips114_showfloat(150, 1, kp_direction, 2, 2);
  304   3                  ips114_showfloat(150, 2, kd_direction, 2, 2);
  305   3                  ips114_showfloat(150, 3, kp_direction_2, 2, 2);
  306   3                  ips114_showfloat(150, 4, kd_direction_2, 2, 2);
  307   3                  ips114_showfloat(150, 5, kp_direction_3, 2, 2);
  308   3                  ips114_showfloat(150, 6, kd_direction_3, 2, 2);
  309   3                  //
  310   3              }
  311   2              break;
  312   2          case 2:
  313   2              if (ui.last == ui.page)
  314   2              {
  315   3                  UI_DispUIStrings(ui_page2);
  316   3      
  317   3                  //
  318   3                  ips114_showfloat(150, 1, normal_speed, 3, 2);
  319   3                  ips114_showfloat(150, 2, block_speed, 3, 2);
  320   3                  ips114_showfloat(150, 3, huandao_hight_speed[0], 3, 2);
C251 COMPILER V5.60.0,  my_peripheral                                                      10/06/25  05:13:48  PAGE 6   

  321   3                   ips114_showfloat(150, 4, huandao_low_speed[0], 3, 2);
  322   3                  ips114_showfloat(150, 5, max_speed, 3, 2);
  323   3                  //
  324   3              }
  325   2              else if (ui.last != ui.page)
  326   2              {
  327   3                  ui.cursor = 1; // 箭头回到page2的首行
  328   3                  ui.last = ui.page;
  329   3                  ips114_clear(BLACK);
  330   3                  UI_DispUIStrings(ui_page2);
  331   3      
  332   3                  //
  333   3                  ips114_showfloat(150, 1, normal_speed, 3, 2);
  334   3                  ips114_showfloat(150, 2, block_speed, 3, 2);
  335   3                  ips114_showfloat(150, 3, huandao_hight_speed[0], 3, 2);
  336   3                  ips114_showfloat(150, 4, huandao_low_speed[0], 3, 2);
  337   3                  ips114_showfloat(150, 5, max_speed, 3, 2);
  338   3                  //
  339   3              }
  340   2              break;
  341   2          case 3:
  342   2              if (ui.last == ui.page)
  343   2              {
  344   3                  UI_DispUIStrings(ui_page3);
  345   3      
  346   3                  //
  347   3                  ips114_showfloat(155, 1, block_judge, 3, 2);
  348   3                  ips114_showfloat(155, 2, block_out_encode, 3, 2);
  349   3                  ips114_showfloat(155, 3, block_back_encode, 3, 2);
  350   3                  ips114_showfloat(155, 4, block_out_angle, 3, 2);
  351   3                  ips114_showfloat(155, 5, block_back_angle, 3, 2);
  352   3      
  353   3                  //
  354   3              }
  355   2              else if (ui.last != ui.page)
  356   2              {
  357   3                  ui.cursor = 1; // 箭头回到page3的首行
  358   3                  ui.last = ui.page;
  359   3                  ips114_clear(BLACK);
  360   3                  UI_DispUIStrings(ui_page3);
  361   3      
  362   3                  //
  363   3                  ips114_showfloat(155, 1, block_judge, 3, 2);
  364   3                  ips114_showfloat(155, 2, block_out_encode, 3, 2);
  365   3                  ips114_showfloat(155, 3, block_back_encode, 3, 2);
  366   3                  ips114_showfloat(155, 4, block_out_angle, 3, 2);
  367   3                  ips114_showfloat(155, 5, block_back_angle, 3, 2);
  368   3      
  369   3                  //
  370   3              }
  371   2              break;
  372   2          case 4:
  373   2              if (ui.last == ui.page)
  374   2              {
  375   3                  UI_DispUIStrings(ui_page4);
  376   3      
  377   3                  //
  378   3      
  379   3                  //
  380   3              }
  381   2              else if (ui.last != ui.page)
  382   2              {
  383   3                  ui.cursor = 1; // 箭头回到page3的首行
  384   3                  ui.last = ui.page;
  385   3                  ips114_clear(BLACK);
  386   3                  UI_DispUIStrings(ui_page4);
C251 COMPILER V5.60.0,  my_peripheral                                                      10/06/25  05:13:48  PAGE 7   

  387   3      
  388   3                  //
  389   3      
  390   3                  //
  391   3              }
  392   2              break;
  393   2          default:
  394   2              break;
  395   2          }
  396   1      }
  397          //****************************************
  398          //  函数简介      菜单按键扫描
  399          //  参数说明      void
  400          //  参数说明      无
  401          //  返回参数      无
  402          //  使用示例      keyScan();
  403          //****************************************
  404          void key_scan(void)
  405          {
  406   1          // KEY_DOW
  407   1          if (KEY2_PIN == 0)
  408   1          {
  409   2              ui.cursor++;
  410   2              if (ui.cursor > 7)
  411   2              {
  412   3                  ui.cursor = 1;
  413   3                  ui.page = ui.last;
  414   3              }
  415   2              while (1)
  416   2              {
  417   3                  if (KEY3_PIN == 1)
  418   3                      break;
  419   3              }
  420   2          }
  421   1          // KEY_UP
  422   1          if (KEY1_PIN == 0)
  423   1          {
  424   2              ui.cursor--;
  425   2              if (ui.cursor < 1)
  426   2              {
  427   3                  ui.cursor = 7;
  428   3                  ui.page = ui.last;
  429   3              }
  430   2              while (1)
  431   2              {
  432   3                  if (KEY4_PIN == 1)
  433   3                      break;
  434   3              }
  435   2          }
  436   1      
  437   1          // KEY_ENT
  438   1          if (KEY4_PIN == 0)
  439   1          {
  440   2              switch (ui.page)
  441   2              {
  442   3              case 0:
  443   3                  if (ui.cursor == 1)
  444   3                      ui.page = 1;
  445   3                  else if (ui.cursor == 2)
  446   3                      ui.page = 2;
  447   3                  else if (ui.cursor == 3)
  448   3                      ui.page = 3;
  449   3                  else if (ui.cursor == 7)
  450   3                  {
  451   4                      ui.page = 4;
  452   4      
C251 COMPILER V5.60.0,  my_peripheral                                                      10/06/25  05:13:48  PAGE 8   

  453   4                      kp_direction_iap = kp_direction;
  454   4                      kd_direction_iap = kd_direction;
  455   4                      kp_direction_2_iap = kp_direction_2;
  456   4                      kd_direction_2_iap = kd_direction_2;
  457   4                      kp_direction_3_iap = kp_direction_3;
  458   4                      kd_direction_3_iap = kd_direction_3;
  459   4                      normal_speed_iap = normal_speed;
  460   4                      block_speed_iap = block_speed;
  461   4                       hightv_huandao_iap = huandao_hight_speed[0];
  462   4                       lowv_huandao_iap = huandao_low_speed[0];
  463   4                      max_speed_iap = max_speed;
  464   4                      block_judge_iap = block_judge;
  465   4                      block_out_encode_iap = block_out_encode;
  466   4                      block_back_encode_iap = block_back_encode;
  467   4                      block_out_angle_iap = block_out_angle;
  468   4                      block_back_angle_iap = block_back_angle;
  469   4      
  470   4                      extern_iap_write_float(kp_direction_iap, 3, 1, 0x07);
  471   4                      extern_iap_write_float(kd_direction_iap, 3, 1, 0x10);
  472   4                      extern_iap_write_float(kp_direction_2_iap, 3, 1, 0x90);
  473   4                      extern_iap_write_float(kd_direction_2_iap, 3, 1, 0xa0);
  474   4                      extern_iap_write_float(kp_direction_3_iap, 3, 1, 0xa6);
  475   4                      extern_iap_write_float(kd_direction_3_iap, 3, 1, 0xb0);
  476   4                      extern_iap_write_float(block_speed_iap, 3, 1, 0x17);
  477   4                      extern_iap_write_float(hightv_huandao_iap, 3, 1, 0x20);
  478   4                      extern_iap_write_float(lowv_huandao_iap, 3, 1, 0x27);
  479   4                      extern_iap_write_float(max_speed_iap, 3, 1, 0x30);
  480   4                      extern_iap_write_float(block_judge_iap, 3, 1, 0x50);
  481   4                      extern_iap_write_float(block_out_encode_iap, 3, 1, 0x56);
  482   4                      extern_iap_write_float(block_back_encode_iap, 3, 1, 0x80);
  483   4                      extern_iap_write_float(normal_speed_iap, 3, 1, 0x65);
  484   4                      extern_iap_write_float(block_out_angle_iap, 3, 1, 0xd0);
  485   4                      extern_iap_write_float(block_back_angle_iap, 3, 1, 0xd7);
  486   4                  }
  487   3      
  488   3                  break;
  489   3              case 1:
  490   3                  if (ui.cursor == 1)
  491   3                  {
  492   4                      kp_direction += 0.5f;
  493   4                  }
  494   3                  else if (ui.cursor == 2)
  495   3                  {
  496   4                      kd_direction += 0.5f;
  497   4                  }
  498   3                  else if (ui.cursor == 3)
  499   3                  {
  500   4                      kp_direction_2 += 0.5f;
  501   4                  }
  502   3                  else if (ui.cursor == 4)
  503   3                  {
  504   4                      kd_direction_2 += 0.5f;
  505   4                  }
  506   3                  else if (ui.cursor == 5)
  507   3                  {
  508   4                      kp_direction_3 += 0.5f;
  509   4                  }
  510   3                  else if (ui.cursor == 6)
  511   3                  {
  512   4                      kd_direction_3 += 0.5f;
  513   4                  }
  514   3                  else if (ui.cursor == 7)
  515   3                  {
  516   4                      ui.page = 0;
  517   4                  }
  518   3                  break;
C251 COMPILER V5.60.0,  my_peripheral                                                      10/06/25  05:13:48  PAGE 9   

  519   3              case 2:
  520   3                  if (ui.cursor == 1)
  521   3                  {
  522   4                      normal_speed += 2;
  523   4                  }
  524   3                  else if (ui.cursor == 2)
  525   3                  {
  526   4                      block_speed += 2;
  527   4                  }
  528   3                  else if (ui.cursor == 3) 
  529   3                  {
  530   4                      huandao_hight_speed[0] += 2;
  531   4                  }
  532   3                  else if (ui.cursor == 4)
  533   3                  {
  534   4                      huandao_low_speed[0] += 2;
  535   4                  }
  536   3                  else if (ui.cursor == 5)
  537   3                  {
  538   4                      max_speed += 2;
  539   4                  }
  540   3                  else if (ui.cursor == 7)
  541   3                  {
  542   4                      ui.page = 0;
  543   4                  }
  544   3                  break;
  545   3              case 3:
  546   3                  if (ui.cursor == 1)
  547   3                  {
  548   4                      block_judge += 2;
  549   4                  }
  550   3                  else if (ui.cursor == 2)
  551   3                  {
  552   4                      block_out_encode += 2;
  553   4                  }
  554   3                  else if (ui.cursor == 3)
  555   3                  {
  556   4                      block_back_encode += 2;
  557   4                  }
  558   3                  else if (ui.cursor == 4)
  559   3                  {
  560   4                      block_out_angle += 2;
  561   4                  }
  562   3                  else if (ui.cursor == 5)
  563   3                  {
  564   4                      block_back_angle += 2;
  565   4                  }
  566   3                  else if (ui.cursor == 7)
  567   3                  {
  568   4                      ui.page = 0;
  569   4                  }
  570   3                  break;
  571   3              case 4:
  572   3                  if (ui.cursor == 7)
  573   3                  {
  574   4                      ui.page = 0;
  575   4                  }
  576   3                  break;
  577   3              default:
  578   3                  break;
  579   3                  // 每一页都有自己对应的跳转页面
  580   3              }
  581   2              while (1)
  582   2              {
  583   3                  if (KEY1_PIN == 1)
  584   3                      break;
C251 COMPILER V5.60.0,  my_peripheral                                                      10/06/25  05:13:48  PAGE 10  

  585   3              }
  586   2          }
  587   1          // KEY_OUT
  588   1          if (KEY3_PIN == 0)
  589   1          {
  590   2              switch (ui.page)
  591   2              {
  592   3              case 0:
  593   3                  ui.page = 0;
  594   3                  break;
  595   3              case 1:
  596   3                  if (ui.cursor == 1)
  597   3                  {
  598   4                      kp_direction -= 0.5f;
  599   4                  }
  600   3                  else if (ui.cursor == 2)
  601   3                  {
  602   4                      kd_direction -= 0.5f;
  603   4                  }
  604   3                  else if (ui.cursor == 3)
  605   3                  {
  606   4                      kp_direction_2 -= 0.5f;
  607   4                  }
  608   3                  else if (ui.cursor == 4)
  609   3                  {
  610   4                      kd_direction_2 -= 0.5f;
  611   4                  }
  612   3                  else if (ui.cursor == 5)
  613   3                  {
  614   4                      kp_direction_3 -= 0.5f;
  615   4                  }
  616   3                  else if (ui.cursor == 6)
  617   3                  {
  618   4                      kd_direction_3 -= 0.5f;
  619   4                  }
  620   3                  else if (ui.cursor == 7)
  621   3                  {
  622   4                      ui.page = 0;
  623   4                  }
  624   3                  break;
  625   3              case 2:
  626   3                  if (ui.cursor == 1)
  627   3                  {
  628   4                      normal_speed -= 2;
  629   4                  }
  630   3                  else if (ui.cursor == 2)
  631   3                  {
  632   4                      block_speed -= 2;
  633   4                  }
  634   3                  else if (ui.cursor == 3)
  635   3                  {
  636   4                      huandao_hight_speed[0] -= 2;
  637   4                  }
  638   3                  else if (ui.cursor == 4)
  639   3                  {
  640   4                     huandao_low_speed[0] -= 2;
  641   4                  }
  642   3                  else if (ui.cursor == 5)
  643   3                  {
  644   4                      max_speed -= 2;
  645   4                  }
  646   3                  else if (ui.cursor == 7)
  647   3                  {
  648   4                      ui.page = 0;
  649   4                  }
  650   3                  break;
C251 COMPILER V5.60.0,  my_peripheral                                                      10/06/25  05:13:48  PAGE 11  

  651   3              case 3:
  652   3                  if (ui.cursor == 1)
  653   3                  {
  654   4                      block_judge -= 2;
  655   4                  }
  656   3                  else if (ui.cursor == 2)
  657   3                  {
  658   4                      block_out_encode -= 2;
  659   4                  }
  660   3                  else if (ui.cursor == 3)
  661   3                  {
  662   4                      block_back_encode -= 2;
  663   4                  }
  664   3                  else if (ui.cursor == 4)
  665   3                  {
  666   4                      block_out_angle -= 2;
  667   4                  }
  668   3                  else if (ui.cursor == 5)
  669   3                  {
  670   4                      block_back_angle -= 2;
  671   4                  }
  672   3                  else if (ui.cursor == 7)
  673   3                  {
  674   4                      ui.page = 0;
  675   4                  }
  676   3                  break;
  677   3              case 4:
  678   3                  if (ui.cursor == 7)
  679   3                  {
  680   4                      ui.page = 0;
  681   4                  }
  682   3                  break;
  683   3              default:
  684   3                  break;
  685   3              }
  686   2              while (1)
  687   2              {
  688   3                  if (KEY2_PIN == 1)
  689   3                      break;
  690   3              }
  691   2          }
  692   1      }
  693          
  694          void ips114_show(void)
  695          { // ips114屏幕显示
  696   1          // ips114_showstr(0, 0, "tof");
  697   1          // ips114_showuint16(40, 0, tof[0]); // 显示tof值
  698   1          ips114_showstr(0, 0, "n");
  699   1          ips114_showfloat(40, 0, normal_speed, 3, 2); // 显示速度值
  700   1      
  701   1          ips114_showstr(100, 0, "encoder");
  702   1          ips114_showfloat(160, 0, encoder_ave, 5, 1); // 显示encoder值
  703   1          // 0: 正常模式；1: 预环岛模式；2: 环岛模式；3: 出环调整；4: 障碍模式；5: 坡道模式
  704   1      
  705   1          // 显示电感及处理数据
  706   1      //    ips114_showstr(0, 1, "left");
  707   1      //    ips114_showuint16(50, 1, ad_ave[0]);  // 显示左电感原始值
  708   1      //    ips114_showuint16(100, 1, ad_ave[1]); // 显示左前电感原始值
  709   1      
  710   1      //    ips114_showstr(0, 2, "right");
  711   1      //    ips114_showuint16(50, 2, ad_ave[3]);  // 显示右横电感原始值
  712   1      //    ips114_showuint16(100, 2, ad_ave[4]); // 显示右前电感原始值
  713   1          // ips114_showuint16(150, 2, ad_ave[6]);
  714   1          ips114_showstr(0, 1, "left");
  715   1          ips114_showfloat(50, 1, AD_ONE[0], 3, 2);  // 显示左电感归一化值
  716   1          ips114_showfloat(100, 1, AD_ONE[1], 3, 2); // 显示左前电感归一化值
C251 COMPILER V5.60.0,  my_peripheral                                                      10/06/25  05:13:48  PAGE 12  

  717   1      
  718   1          ips114_showstr(0, 2, "right");
  719   1          ips114_showfloat(50, 2, AD_ONE[3], 3, 2);  // 显示右横电感归一化值
  720   1          ips114_showfloat(100, 2, AD_ONE[4], 3, 2); // 显示右前电感归一化值
  721   1      
  722   1      //    ips114_showstr(0, 3, "cnt");
  723   1      //    ips114_showuint8(50, 3, cnt_circle_in);              // 显示cnt
  724   1      
  725   1              
  726   1      //      ips114_showstr(0, 3, "flag1");
  727   1      //    ips114_showuint8(50, 3, flag1);              // 显示flag1
  728   1      
  729   1              ips114_showstr(0, 3, "fast");
  730   1          ips114_showuint8(50, 3, flag_key_fast);                // 显示flag_key_fast
  731   1      
  732   1              
  733   1      //      ips114_showstr(0, 3, "flagh");
  734   1      //    ips114_showuint8(50, 3, flag_huandao);               // 显示flag_huandao
  735   1      
  736   1      //      ips114_showstr(0, 3, "flago");
  737   1      //    ips114_showuint16(50, 3, flag_circle_out);                   // 显示flag_huandao
  738   1      
  739   1          // 显示编码器积分值
  740   1          ips114_showstr(110, 3, "flag_is");
  741   1          ips114_showuint8(170, 3, path_points[j].isturn);
  742   1      
  743   1          // 显示差比和处理后的err值
  744   1          ips114_showstr(0, 4, "err");
  745   1          ips114_showfloat(50, 4, aaddcc.err_dir, 4, 2);
  746   1      
  747   1          ips114_showstr(110, 4, "stop");
  748   1          ips114_showuint8(160, 4, flag_stop);
  749   1      
  750   1          ips114_showstr(0, 5, "target");
  751   1          ips114_showint16(60, 5, motor_left.setspeed);
  752   1          ips114_showint16(120, 5, motor_right.setspeed);
  753   1      
  754   1          ips114_showstr(0, 6, "actual");
  755   1          ips114_showint16(60, 6, motor_left.encoder_data);
  756   1          ips114_showint16(120, 6, motor_right.encoder_data);  //鑾?鍚嶅叾濡欏氨鍙嶄簡
  757   1      
  758   1      //    ips114_showstr(0, 7, "speed");
  759   1      ////  ips114_showuint8(50, 7, count_flag_4);
  760   1      //    ips114_showfloat(50, 7, test_speed * 0.017336, 3, 3);
  761   1              
  762   1      //      ips114_showstr(0, 7, "offset");
  763   1      // //  ips114_showuint8(50, 7, count_flag_4);
  764   1      //     ips114_showfloat(50, 7, Gyro_offset_z, 4, 2);
  765   1          ips114_showstr(0, 7, "j");
  766   1          ips114_showuint8(50, 7, j);
  767   1      
  768   1          ips114_showstr(110, 7, "angle");
  769   1          ips114_showfloat(150, 7, yaw, 4, 2);
  770   1              
  771   1      //      ips114_showstr(110, 7, "angle");
  772   1      //    ips114_showfloat(150, 7, (imu660ra_gyro_z - Gyro_offset_z) / 65.6, 4, 2);
  773   1      }
  774          
  775          void angle_gyro()
  776          {
  777   1      //    yaw += ((imu660ra_gyro_x - Gyro_offset_z) / 65.6f) * 0.005;
  778   1      //      yaw += (((float)imu660ra_gyro_z - 2.70f) / 16.4f) * 0.005;
  779   1              if (imu660ra_gyro_z > 4 || imu660ra_gyro_z < -4)
  780   1                      yaw += (((float)imu660ra_gyro_z - GYRO_OFFSET) / 16.4f) * 0.005;
  781   1      //      yaw += (gyro_z / 16.4f) * 0.005;
  782   1      }
C251 COMPILER V5.60.0,  my_peripheral                                                      10/06/25  05:13:48  PAGE 13  

  783          
  784          void pit_callback(void)
  785          {                        // 陀螺仪数据获取
  786   1          imu660ra_get_acc();  // 获取加速度数据
  787   1          imu660ra_get_gyro(); // 获取陀螺仪数据
  788   1      //      gyro_z = (float)imu660ra_gyro_z - Gyro_offset_z;
  789   1      }
  790          
  791          void beep_init(void)
  792          { // 蜂鸣器
  793   1          gpio_mode(BEEP, GPO_PP);
  794   1          BEEP = 1;
  795   1      }
  796          void beep_test(void)
  797          { // 蜂鸣器间隔0.5s响灭一次
  798   1          BEEP = !BEEP;
  799   1          delay_ms(500);
  800   1      }
  801          float StrToDouble(const char *s)
  802          {
  803   1      
  804   1          int i = 0;
  805   1          int k = 0;
  806   1          float j;
  807   1          int flag = 1;
  808   1          float result = 0.0;
  809   1          if (s[i] == '+')
  810   1          {
  811   2              i++;
  812   2          }
  813   1          if (s[i] == '-')
  814   1          {
  815   2              i++;
  816   2              flag = -1;
  817   2          }
  818   1          while (s[i] != '\0' && s[i] != '.')
  819   1          {
  820   2              j = (s[i] - '0') * 1.0;
  821   2              result = result * 10 + j;
  822   2              i++;
  823   2          }
  824   1          if (s[i] == '.')
  825   1          {
  826   2              i++;
  827   2              while (s[i] != '\0' && s[i] != ' ')
  828   2              {
  829   3                  k++;
  830   3                  j = s[i] - '0';
  831   3                  result = result + (1.0 * j) / pow(10.0, k);
  832   3                  i++;
  833   3              }
  834   2          }
  835   1          result = flag * result;
  836   1          return result;
  837   1      }
  838          
  839          float iap_read_float(uint8 len, uint16 addr)
  840          {
  841   1          uint8 buf[34];
  842   1          iap_read_bytes(addr, buf, len);
  843   1          return StrToDouble(buf);
  844   1      }


Module Information          Static   Overlayable
------------------------------------------------
  code size            =      5931     ------
C251 COMPILER V5.60.0,  my_peripheral                                                      10/06/25  05:13:48  PAGE 14  

  ecode size           =    ------     ------
  data size            =    ------     ------
  idata size           =    ------     ------
  pdata size           =    ------     ------
  xdata size           =      1362     ------
  xdata-const size     =    ------     ------
  edata size           =    ------     ------
  bit size             =    ------     ------
  ebit size            =    ------     ------
  bitaddressable size  =    ------     ------
  ebitaddressable size =    ------     ------
  far data size        =    ------     ------
  huge data size       =    ------     ------
  const size           =    ------     ------
  hconst size          =      1501     ------
End of Module Information.


C251 COMPILATION COMPLETE.  0 WARNING(S),  0 ERROR(S)
