C251 COMPILER V5.60.0,  wireless                                                           21/05/24  16:30:20  PAGE 1   


C251 COMPILER V5.60.0, COMPILATION OF MODULE wireless
OBJECT MODULE PLACED IN .\Out_File\wireless.obj
COMPILER INVOKED BY: D:\keil\C251\BIN\C251.EXE wireless.c LARGE INTR2 WARNINGLEVEL(3) OPTIMIZE(0,SPEED) BROWSE INCDIR(..
                    -\..\Libraries\libraries;..\..\Libraries\seekfree_libraries;..\..\Libraries\seekfree_peripheral;..\CODE;..\USER\inc;..\US
                    -ER\src;..\..\Libraries\seekfree_components) DEBUG PRINT(.\Out_File\wireless.lst) OBJECT(.\Out_File\wireless.obj) 

stmt  level    source

    1          #include "wireless.h"
    2          #include "stdio.h"
    3          
    4          uint8 data1=0, data2=0, data3=0, data4=0;
    5          //uint8 send_buf[] = {0x11, 0x22, 0x33};
    6          uint8 data_buffer[] =  {0x11, 0x22, 0x33};
    7          
    8          void wireless(void)
    9          {       
   10   1              data1+=1;
   11   1              data2+= 2;
   12   1              data3*=2;
   13   1              data4+=3;
   14   1              data_conversion(data1, data2,data3,data4 ,data_buffer); // 将4个数据打包                           
   15   1              wireless_uart_send_buff(data_buffer, 10); // 发送数据   
   16   1      }
   17          
   18          
   19          
   20          
   21          
   22          


Module Information          Static   Overlayable
------------------------------------------------
  code size            =       101     ------
  ecode size           =    ------     ------
  data size            =    ------     ------
  idata size           =    ------     ------
  pdata size           =    ------     ------
  xdata size           =         7     ------
  xdata-const size     =    ------     ------
  edata size           =    ------     ------
  bit size             =    ------     ------
  ebit size            =    ------     ------
  bitaddressable size  =    ------     ------
  ebitaddressable size =    ------     ------
  far data size        =    ------     ------
  huge data size       =    ------     ------
  const size           =    ------     ------
  hconst size          =        32     ------
End of Module Information.


C251 COMPILATION COMPLETE.  0 WARNING(S),  0 ERROR(S)
